<div>Content
  <img src="http://server/image.jpg" />
</div>