<div>
  <img src="http://server/image.jpg" />
</div>